// Jest Snapshot v1, https://goo.gl/fbAQLP

exports[`<ContractYear> matches snapshot 1`] = `
<div
  className="filter contract-year"
>
  <fieldset
    className="fieldset-inputs"
  >
    <legend>
      Contract year:
    </legend>
    <span
      className="filter-more-info"
    >
      <Tooltip
        show={false}
        text="Show rates for the initial year of the contract, or for subsequent years (+1 or +2)."
      >
        <a
          aria-label="Show rates for the initial year of the contract, or for subsequent years (+1 or +2)."
          href=""
          onClick={[Function]}
        >
          What's this?
        </a>
      </Tooltip>
    </span>
    <h3
      className="usa-sr-only"
    >
      Contract Year
    </h3>
    <ul
      className="contract-year-block"
    >
      <li
        className="contract-list-item"
      >
        <label
          className="radio"
          htmlFor="zzz_current-year"
        >
          <input
            checked={true}
            id="zzz_current-year"
            name="contract-year"
            onChange={[Function]}
            tabIndex="0"
            type="radio"
            value="current"
          />
          <span
            aria-hidden="true"
            className="contract-current-year-span checkbox-focus"
            tabIndex="-1"
          >
            Current
          </span>
          <span
            className="usa-sr-only"
          >
            Current year
          </span>
        </label>
      </li>
      <li
        className="contract-list-item"
      >
        <label
          className="radio"
          htmlFor="zzz_one-year-out"
        >
          <input
            checked={false}
            id="zzz_one-year-out"
            name="contract-year"
            onChange={[Function]}
            tabIndex="0"
            type="radio"
            value="1"
          />
          <span
            aria-hidden="true"
            className="checkbox-focus"
            tabIndex="-1"
          >
            +1
          </span>
          <span
            className="usa-sr-only"
          >
            One year out
          </span>
        </label>
      </li>
      <li
        className="contract-list-item"
      >
        <label
          className="radio"
          htmlFor="zzz_two-years-out"
        >
          <input
            checked={false}
            id="zzz_two-years-out"
            name="contract-year"
            onChange={[Function]}
            tabIndex="0"
            type="radio"
            value="2"
          />
          <span
            aria-hidden="true"
            className="contract-last-year-span checkbox-focus"
            tabIndex="-1"
          >
            +2
          </span>
          <span
            className="usa-sr-only"
          >
            Two years out
          </span>
        </label>
      </li>
    </ul>
  </fieldset>
</div>
`;
