// Jest Snapshot v1, https://goo.gl/fbAQLP

exports[`<DescriptionFilter> matches snapshot 1`] = `
<span
  className="filter extra-class"
>
  A Label: 
  <b>
    children
  </b>
</span>
`;
