// Jest Snapshot v1, https://goo.gl/fbAQLP

exports[`<ExportData> matches snapshot 1`] = `
<a
  className="usa-button usa-button-primary export-data"
  href="/api/rates/csv/?hi=james"
  title="Click to export your search results to an Excel file (CSV)"
>
  â¬‡ Export data (CSV)
</a>
`;
