// Jest Snapshot v1, https://goo.gl/fbAQLP

exports[`<Loading> renders a loading state if pastDelay 1`] = `
<div>
  Loading...
</div>
`;

exports[`<Loading> renders an alert if there is an error 1`] = `
<div
  className="usa-alert usa-alert-error"
  role="alert"
>
  <h4>
    Oops!
  </h4>
  <p>
    Error loading component. Try refreshing the page.
  </p>
</div>
`;

exports[`LoadableWrapper creates a react-loadable higher-order component 1`] = `
<Component
  error={null}
  isLoading={true}
  pastDelay={false}
  timedOut={false}
/>
`;
